Jan-28 04:58:31.596 [main] DEBUG nextflow.cli.Launcher - $> nextflow run main.nf -params-file myparams.yml
Jan-28 04:58:31.727 [main] DEBUG nextflow.cli.CmdRun - N E X T F L O W  ~  version 25.10.3
Jan-28 04:58:31.785 [main] DEBUG nextflow.plugin.PluginsFacade - Setting up plugin manager > mode=prod; embedded=false; plugins-dir=/home/alejo/.nextflow/plugins; core-plugins: nf-amazon@3.4.3,nf-azure@1.20.2,nf-cloudcache@0.5.0,nf-codecommit@0.5.0,nf-console@1.3.0,nf-google@1.23.4,nf-k8s@1.2.2,nf-tower@1.17.4,nf-wave@1.16.1
Jan-28 04:58:31.839 [main] INFO  o.pf4j.DefaultPluginStatusProvider - Enabled plugins: []
Jan-28 04:58:31.841 [main] INFO  o.pf4j.DefaultPluginStatusProvider - Disabled plugins: []
Jan-28 04:58:31.846 [main] INFO  org.pf4j.DefaultPluginManager - PF4J version 3.12.0 in 'deployment' mode
Jan-28 04:58:31.885 [main] DEBUG nextflow.util.RetryConfig - Missing nextflow session - using default retry config
Jan-28 04:58:32.444 [main] INFO  org.pf4j.AbstractPluginManager - No plugins
Jan-28 04:58:32.621 [main] DEBUG nextflow.config.ConfigBuilder - Found config local: /home/alejo/genexomics-perturbseq/round2/Loka_TechChallenge/nextflow.config
Jan-28 04:58:32.628 [main] DEBUG nextflow.config.ConfigBuilder - Parsing config file: /home/alejo/genexomics-perturbseq/round2/Loka_TechChallenge/nextflow.config
Jan-28 04:58:32.701 [main] DEBUG nextflow.config.ConfigBuilder - Applying config profile: `standard`
Jan-28 04:58:34.056 [main] DEBUG nextflow.plugin.PluginsFacade - Plugins default=[]
Jan-28 04:58:34.057 [main] DEBUG nextflow.plugin.PluginsFacade - Plugins resolved requirement=[]
Jan-28 04:58:34.096 [main] DEBUG n.secret.LocalSecretsProvider - Secrets store: /home/alejo/.nextflow/secrets/store.json
Jan-28 04:58:34.104 [main] DEBUG nextflow.secret.SecretsLoader - Discovered secrets providers: [nextflow.secret.LocalSecretsProvider@3b42121d] - activable => nextflow.secret.LocalSecretsProvider@3b42121d
Jan-28 04:58:34.108 [main] DEBUG nextflow.cli.CmdRun - Applied DSL=2 from script declaration
Jan-28 04:58:34.141 [main] DEBUG nextflow.cli.CmdRun - Launching `main.nf` [gloomy_shaw] DSL2 - revision: 27ec4bd8d5
Jan-28 04:58:34.242 [main] DEBUG nextflow.Session - Session UUID: 1b010ee0-61ba-458a-b237-66ed3b4e0894
Jan-28 04:58:34.243 [main] DEBUG nextflow.Session - Run name: gloomy_shaw
Jan-28 04:58:34.243 [main] DEBUG nextflow.Session - Executor pool size: 12
Jan-28 04:58:34.259 [main] DEBUG nextflow.file.FilePorter - File porter settings maxRetries=3; maxTransfers=50; pollTimeout=null
Jan-28 04:58:34.272 [main] DEBUG nextflow.util.ThreadPoolBuilder - Creating thread pool 'FileTransfer' minSize=10; maxSize=36; workQueue=LinkedBlockingQueue[-1]; allowCoreThreadTimeout=false
Jan-28 04:58:34.325 [main] DEBUG nextflow.cli.CmdRun - 
  Version: 25.10.3 build 10983
  Created: 22-01-2026 15:34 UTC (10:34 GMT-04:00)
  System: Linux 6.6.87.2-microsoft-standard-WSL2
  Runtime: Groovy 4.0.28 on OpenJDK 64-Bit Server VM 25.0.1-internal-adhoc.conda.src
  Encoding: UTF-8 (UTF-8)
  Process: 1210996@AlejandroD-LOQ [127.0.1.1]
  CPUs: 12 - Mem: 16.6 GB (15.6 GB) - Swap: 5 GB (4.9 GB)
Jan-28 04:58:34.378 [main] DEBUG nextflow.Session - Work-dir: /home/alejo/genexomics-perturbseq/round2/Loka_TechChallenge/work [ext2/ext3]
Jan-28 04:58:34.379 [main] DEBUG nextflow.Session - Script base path does not exist or is not a directory: /home/alejo/genexomics-perturbseq/round2/Loka_TechChallenge/bin
Jan-28 04:58:34.394 [main] DEBUG nextflow.executor.ExecutorFactory - Extension executors providers=[]
Jan-28 04:58:34.411 [main] DEBUG nextflow.Session - Observer factory (v2): LinObserverFactory
Jan-28 04:58:34.417 [main] DEBUG nextflow.Session - Observer factory (v2): DefaultObserverFactory
Jan-28 04:58:34.520 [main] DEBUG nextflow.cache.CacheFactory - Using Nextflow cache factory: nextflow.cache.DefaultCacheFactory
Jan-28 04:58:34.542 [main] DEBUG nextflow.util.CustomThreadPool - Creating default thread pool > poolSize: 13; maxThreads: 1000
Jan-28 04:58:34.658 [main] DEBUG nextflow.Session - Session start
Jan-28 04:58:34.667 [main] DEBUG nextflow.trace.TraceFileObserver - Workflow started -- trace file: ./results-nf/pipeline_info/execution_trace.txt
Jan-28 04:58:34.946 [main] DEBUG nextflow.script.ScriptRunner - > Launching execution
Jan-28 04:58:34.961 [main] INFO  nextflow.Nextflow - ========================================
 P E R T U R B - S E Q   P I P E L I N E
========================================
Version               : 2.1.0 (Sample ID Support)
Gene Expression FASTQ : /home/alejo/genexomics-perturbseq/round2/Loka_TechChallenge/test_files/SC3_sub3p/SC3_v3_NextGem_DI_CRISPR_A549_5K_gex_subsampled_3p
CRISPR FASTQ          : /home/alejo/genexomics-perturbseq/round2/Loka_TechChallenge/test_files/SC3_sub3p/SC3_v3_NextGem_DI_CRISPR_A549_5K_crispr_subsampled_3p
Gene Expression ID    : SC3_v3_NextGem_DI_CRISPR_A549_5K_gex
CRISPR Sample ID      : SC3_v3_NextGem_DI_CRISPR_A549_5K_crispr
Reference Genome      : /home/alejo/genexomics-perturbseq/round2/Loka_TechChallenge/refdata-cellranger-arc-GRCh38-2020-A-2.0.0
Feature Reference     : /home/alejo/genexomics-perturbseq/round2/Loka_TechChallenge/test_files/SC3_sub3p/SC3_sub3p_v3_feature_reference.csv
Output Directory      : ./results-nf
Cell Ranger ID        : samples-ec
========================================

Jan-28 04:58:35.636 [main] DEBUG n.script.dsl.ProcessConfigBuilder - Config settings `withName:FASTQC.*` matches process QC:FASTQC_GENEX
Jan-28 04:58:35.641 [main] DEBUG nextflow.executor.ExecutorFactory - << taskConfig executor: local
Jan-28 04:58:35.642 [main] DEBUG nextflow.executor.ExecutorFactory - >> processorType: 'local'
Jan-28 04:58:35.655 [main] DEBUG nextflow.executor.Executor - [warm up] executor > local
Jan-28 04:58:35.666 [main] DEBUG n.processor.LocalPollingMonitor - Creating local task monitor for executor 'local' > cpus=12; memory=16.6 GB; capacity=12; pollInterval=100ms; dumpInterval=5m
Jan-28 04:58:35.669 [main] DEBUG n.processor.TaskPollingMonitor - >>> barrier register (monitor: local)
Jan-28 04:58:35.719 [main] DEBUG nextflow.processor.TaskProcessor - Creating process 'QC:FASTQC_GENEX': maxForks=0; fair=false; array=0
Jan-28 04:58:35.785 [main] DEBUG n.script.dsl.ProcessConfigBuilder - Config settings `withName:FASTQC.*` matches process QC:FASTQC_CRISPR
Jan-28 04:58:35.786 [main] DEBUG nextflow.executor.ExecutorFactory - << taskConfig executor: local
Jan-28 04:58:35.787 [main] DEBUG nextflow.executor.ExecutorFactory - >> processorType: 'local'
Jan-28 04:58:35.788 [main] DEBUG nextflow.processor.TaskProcessor - Creating process 'QC:FASTQC_CRISPR': maxForks=0; fair=false; array=0
Jan-28 04:58:35.803 [main] DEBUG n.script.dsl.ProcessConfigBuilder - Config settings `withName:MULTIQC` matches process QC:MULTIQC
Jan-28 04:58:35.805 [main] DEBUG nextflow.executor.ExecutorFactory - << taskConfig executor: local
Jan-28 04:58:35.805 [main] DEBUG nextflow.executor.ExecutorFactory - >> processorType: 'local'
Jan-28 04:58:35.805 [main] DEBUG nextflow.processor.TaskProcessor - Creating process 'QC:MULTIQC': maxForks=0; fair=false; array=0
Jan-28 04:58:35.818 [main] DEBUG n.script.dsl.ProcessConfigBuilder - Config settings `withName:CELLRANGER_MULTI` matches process CELLRANGER_ANALYSIS:CELLRANGER_MULTI
Jan-28 04:58:35.821 [main] DEBUG nextflow.executor.ExecutorFactory - << taskConfig executor: local
Jan-28 04:58:35.821 [main] DEBUG nextflow.executor.ExecutorFactory - >> processorType: 'local'
Jan-28 04:58:35.822 [main] DEBUG nextflow.processor.TaskProcessor - Creating process 'CELLRANGER_ANALYSIS:CELLRANGER_MULTI': maxForks=0; fair=false; array=0
Jan-28 04:58:35.830 [main] DEBUG nextflow.Session - Workflow process names [dsl2]: CELLRANGER_MULTI, FASTQC_CRISPR, QC:FASTQC_CRISPR, MULTIQC, FASTQC_GENEX, QC:FASTQC_GENEX, CELLRANGER_ANALYSIS:CELLRANGER_MULTI, QC:MULTIQC
Jan-28 04:58:35.834 [main] DEBUG nextflow.Session - Igniting dataflow network (6)
Jan-28 04:58:35.843 [main] DEBUG nextflow.processor.TaskProcessor - Starting process > QC:FASTQC_GENEX
Jan-28 04:58:35.845 [main] DEBUG nextflow.processor.TaskProcessor - Starting process > QC:FASTQC_CRISPR
Jan-28 04:58:35.845 [PathVisitor-1] DEBUG nextflow.file.PathVisitor - files for syntax: glob; folder: /home/alejo/genexomics-perturbseq/round2/Loka_TechChallenge/test_files/SC3_sub3p/SC3_v3_NextGem_DI_CRISPR_A549_5K_gex_subsampled_3p/; pattern: *fastq.gz; options: [:]
Jan-28 04:58:35.845 [PathVisitor-2] DEBUG nextflow.file.PathVisitor - files for syntax: glob; folder: /home/alejo/genexomics-perturbseq/round2/Loka_TechChallenge/test_files/SC3_sub3p/SC3_v3_NextGem_DI_CRISPR_A549_5K_crispr_subsampled_3p/; pattern: *fastq.gz; options: [:]
Jan-28 04:58:35.845 [main] DEBUG nextflow.processor.TaskProcessor - Starting process > QC:MULTIQC
Jan-28 04:58:35.846 [main] DEBUG nextflow.processor.TaskProcessor - Starting process > CELLRANGER_ANALYSIS:CELLRANGER_MULTI
Jan-28 04:58:35.848 [main] DEBUG nextflow.script.ScriptRunner - Parsed script files:
  Script_30880a800d9ccf77: /home/alejo/genexomics-perturbseq/round2/Loka_TechChallenge/subworkflows/cellranger_analysis.nf
  Script_4ec70500eca548f3: /home/alejo/genexomics-perturbseq/round2/Loka_TechChallenge/main.nf
  Script_300eaca9289b307b: /home/alejo/genexomics-perturbseq/round2/Loka_TechChallenge/subworkflows/qc.nf
Jan-28 04:58:35.848 [main] DEBUG nextflow.script.ScriptRunner - > Awaiting termination 
Jan-28 04:58:35.848 [main] DEBUG nextflow.Session - Session await
Jan-28 04:58:35.946 [Actor Thread 6] WARN  nextflow.script.ScriptBinding - Access to undefined parameter `fastqc_path` -- Initialise it to a default value eg. `params.fastqc_path = some_value`
Jan-28 04:58:36.148 [Task submitter] DEBUG n.executor.local.LocalTaskHandler - Launch cmd line: /bin/bash -ue .command.run
Jan-28 04:58:36.154 [Task submitter] INFO  nextflow.Session - [99/9bda40] Submitted process > QC:FASTQC_CRISPR (crispr)
Jan-28 04:58:36.180 [Task submitter] DEBUG n.executor.local.LocalTaskHandler - Launch cmd line: /bin/bash -ue .command.run
Jan-28 04:58:36.181 [Task submitter] INFO  nextflow.Session - [c5/47628f] Submitted process > QC:FASTQC_GENEX (genex)
Jan-28 04:58:56.238 [Task monitor] DEBUG n.processor.TaskPollingMonitor - Task completed > TaskHandler[id: 3; name: QC:FASTQC_CRISPR (crispr); status: COMPLETED; exit: 0; error: -; workDir: /home/alejo/genexomics-perturbseq/round2/Loka_TechChallenge/work/99/9bda4044d09d1a1590afb11cd5a5b2]
Jan-28 04:58:56.240 [Task monitor] DEBUG nextflow.util.ThreadPoolBuilder - Creating thread pool 'TaskFinalizer' minSize=10; maxSize=36; workQueue=LinkedBlockingQueue[-1]; allowCoreThreadTimeout=false
Jan-28 04:58:56.302 [TaskFinalizer-1] DEBUG nextflow.util.ThreadPoolBuilder - Creating thread pool 'PublishDir' minSize=10; maxSize=36; workQueue=LinkedBlockingQueue[-1]; allowCoreThreadTimeout=false
Jan-28 04:59:00.183 [Task monitor] DEBUG n.processor.TaskPollingMonitor - Task completed > TaskHandler[id: 2; name: QC:FASTQC_GENEX (genex); status: COMPLETED; exit: 0; error: -; workDir: /home/alejo/genexomics-perturbseq/round2/Loka_TechChallenge/work/c5/47628f141a99ade92db94bca5acb8e]
Jan-28 04:59:00.196 [Task submitter] DEBUG n.executor.local.LocalTaskHandler - Launch cmd line: /bin/bash -ue .command.run
Jan-28 04:59:00.198 [Task submitter] INFO  nextflow.Session - [3f/c6b8d2] Submitted process > CELLRANGER_ANALYSIS:CELLRANGER_MULTI (samples-ec)
Jan-28 04:59:00.215 [Actor Thread 9] WARN  nextflow.script.ScriptBinding - Access to undefined parameter `multiqc_path` -- Initialise it to a default value eg. `params.multiqc_path = some_value`
Jan-28 05:03:36.252 [Task monitor] DEBUG n.processor.TaskPollingMonitor - !! executor local > tasks to be completed: 1 -- submitted tasks are shown below
~> TaskHandler[id: 1; name: CELLRANGER_ANALYSIS:CELLRANGER_MULTI (samples-ec); status: RUNNING; exit: -; error: -; workDir: /home/alejo/genexomics-perturbseq/round2/Loka_TechChallenge/work/3f/c6b8d2ed049631c938a24b49b78568]
Jan-28 05:03:36.967 [Task submitter] DEBUG n.processor.TaskPollingMonitor - %% executor local > tasks in the submission queue: 1 -- tasks to be submitted are shown below
~> TaskHandler[id: 4; name: QC:MULTIQC; status: NEW; exit: -; error: -; workDir: /home/alejo/genexomics-perturbseq/round2/Loka_TechChallenge/work/ef/57dfd3c841c0f5d523b319e07cf2b8]
Jan-28 05:08:35.841 [Task monitor] DEBUG n.processor.TaskPollingMonitor - !! executor local > tasks to be completed: 1 -- submitted tasks are shown below
~> TaskHandler[id: 1; name: CELLRANGER_ANALYSIS:CELLRANGER_MULTI (samples-ec); status: RUNNING; exit: -; error: -; workDir: /home/alejo/genexomics-perturbseq/round2/Loka_TechChallenge/work/3f/c6b8d2ed049631c938a24b49b78568]
Jan-28 05:08:37.158 [Task submitter] DEBUG n.processor.TaskPollingMonitor - %% executor local > tasks in the submission queue: 1 -- tasks to be submitted are shown below
~> TaskHandler[id: 4; name: QC:MULTIQC; status: NEW; exit: -; error: -; workDir: /home/alejo/genexomics-perturbseq/round2/Loka_TechChallenge/work/ef/57dfd3c841c0f5d523b319e07cf2b8]
Jan-28 05:13:36.058 [Task monitor] DEBUG n.processor.TaskPollingMonitor - !! executor local > tasks to be completed: 1 -- submitted tasks are shown below
~> TaskHandler[id: 1; name: CELLRANGER_ANALYSIS:CELLRANGER_MULTI (samples-ec); status: RUNNING; exit: -; error: -; workDir: /home/alejo/genexomics-perturbseq/round2/Loka_TechChallenge/work/3f/c6b8d2ed049631c938a24b49b78568]
Jan-28 05:13:37.725 [Task submitter] DEBUG n.processor.TaskPollingMonitor - %% executor local > tasks in the submission queue: 1 -- tasks to be submitted are shown below
~> TaskHandler[id: 4; name: QC:MULTIQC; status: NEW; exit: -; error: -; workDir: /home/alejo/genexomics-perturbseq/round2/Loka_TechChallenge/work/ef/57dfd3c841c0f5d523b319e07cf2b8]
Jan-28 05:18:36.722 [Task monitor] DEBUG n.processor.TaskPollingMonitor - !! executor local > tasks to be completed: 1 -- submitted tasks are shown below
~> TaskHandler[id: 1; name: CELLRANGER_ANALYSIS:CELLRANGER_MULTI (samples-ec); status: RUNNING; exit: -; error: -; workDir: /home/alejo/genexomics-perturbseq/round2/Loka_TechChallenge/work/3f/c6b8d2ed049631c938a24b49b78568]
Jan-28 05:18:38.163 [Task submitter] DEBUG n.processor.TaskPollingMonitor - %% executor local > tasks in the submission queue: 1 -- tasks to be submitted are shown below
~> TaskHandler[id: 4; name: QC:MULTIQC; status: NEW; exit: -; error: -; workDir: /home/alejo/genexomics-perturbseq/round2/Loka_TechChallenge/work/ef/57dfd3c841c0f5d523b319e07cf2b8]
Jan-28 05:23:36.368 [Task monitor] DEBUG n.processor.TaskPollingMonitor - !! executor local > tasks to be completed: 1 -- submitted tasks are shown below
~> TaskHandler[id: 1; name: CELLRANGER_ANALYSIS:CELLRANGER_MULTI (samples-ec); status: RUNNING; exit: -; error: -; workDir: /home/alejo/genexomics-perturbseq/round2/Loka_TechChallenge/work/3f/c6b8d2ed049631c938a24b49b78568]
Jan-28 05:23:38.602 [Task submitter] DEBUG n.processor.TaskPollingMonitor - %% executor local > tasks in the submission queue: 1 -- tasks to be submitted are shown below
~> TaskHandler[id: 4; name: QC:MULTIQC; status: NEW; exit: -; error: -; workDir: /home/alejo/genexomics-perturbseq/round2/Loka_TechChallenge/work/ef/57dfd3c841c0f5d523b319e07cf2b8]
Jan-28 05:28:37.088 [Task monitor] DEBUG n.processor.TaskPollingMonitor - !! executor local > tasks to be completed: 1 -- submitted tasks are shown below
~> TaskHandler[id: 1; name: CELLRANGER_ANALYSIS:CELLRANGER_MULTI (samples-ec); status: RUNNING; exit: -; error: -; workDir: /home/alejo/genexomics-perturbseq/round2/Loka_TechChallenge/work/3f/c6b8d2ed049631c938a24b49b78568]
Jan-28 05:28:38.982 [Task submitter] DEBUG n.processor.TaskPollingMonitor - %% executor local > tasks in the submission queue: 1 -- tasks to be submitted are shown below
~> TaskHandler[id: 4; name: QC:MULTIQC; status: NEW; exit: -; error: -; workDir: /home/alejo/genexomics-perturbseq/round2/Loka_TechChallenge/work/ef/57dfd3c841c0f5d523b319e07cf2b8]
Jan-28 05:33:36.173 [Task monitor] DEBUG n.processor.TaskPollingMonitor - !! executor local > tasks to be completed: 1 -- submitted tasks are shown below
~> TaskHandler[id: 1; name: CELLRANGER_ANALYSIS:CELLRANGER_MULTI (samples-ec); status: RUNNING; exit: -; error: -; workDir: /home/alejo/genexomics-perturbseq/round2/Loka_TechChallenge/work/3f/c6b8d2ed049631c938a24b49b78568]
Jan-28 05:33:39.294 [Task submitter] DEBUG n.processor.TaskPollingMonitor - %% executor local > tasks in the submission queue: 1 -- tasks to be submitted are shown below
~> TaskHandler[id: 4; name: QC:MULTIQC; status: NEW; exit: -; error: -; workDir: /home/alejo/genexomics-perturbseq/round2/Loka_TechChallenge/work/ef/57dfd3c841c0f5d523b319e07cf2b8]
Jan-28 05:38:36.204 [Task monitor] DEBUG n.processor.TaskPollingMonitor - !! executor local > tasks to be completed: 1 -- submitted tasks are shown below
~> TaskHandler[id: 1; name: CELLRANGER_ANALYSIS:CELLRANGER_MULTI (samples-ec); status: RUNNING; exit: -; error: -; workDir: /home/alejo/genexomics-perturbseq/round2/Loka_TechChallenge/work/3f/c6b8d2ed049631c938a24b49b78568]
Jan-28 05:38:39.650 [Task submitter] DEBUG n.processor.TaskPollingMonitor - %% executor local > tasks in the submission queue: 1 -- tasks to be submitted are shown below
~> TaskHandler[id: 4; name: QC:MULTIQC; status: NEW; exit: -; error: -; workDir: /home/alejo/genexomics-perturbseq/round2/Loka_TechChallenge/work/ef/57dfd3c841c0f5d523b319e07cf2b8]
Jan-28 05:41:33.465 [Task monitor] DEBUG n.processor.TaskPollingMonitor - Task completed > TaskHandler[id: 1; name: CELLRANGER_ANALYSIS:CELLRANGER_MULTI (samples-ec); status: COMPLETED; exit: 0; error: -; workDir: /home/alejo/genexomics-perturbseq/round2/Loka_TechChallenge/work/3f/c6b8d2ed049631c938a24b49b78568]
Jan-28 05:41:33.628 [Task submitter] DEBUG n.executor.local.LocalTaskHandler - Launch cmd line: /bin/bash -ue .command.run
Jan-28 05:41:33.633 [Task submitter] INFO  nextflow.Session - [ef/57dfd3] Submitted process > QC:MULTIQC
Jan-28 05:41:39.982 [Task monitor] DEBUG n.processor.TaskPollingMonitor - Task completed > TaskHandler[id: 4; name: QC:MULTIQC; status: COMPLETED; exit: 0; error: -; workDir: /home/alejo/genexomics-perturbseq/round2/Loka_TechChallenge/work/ef/57dfd3c841c0f5d523b319e07cf2b8]
Jan-28 05:41:39.987 [TaskFinalizer-4] DEBUG n.processor.TaskFileCollector - Process `QC:MULTIQC` is unable to find [UnixPath]: `/home/alejo/genexomics-perturbseq/round2/Loka_TechChallenge/work/ef/57dfd3c841c0f5d523b319e07cf2b8/multiqc_data` (pattern: `multiqc_data`)
Jan-28 05:41:40.024 [TaskFinalizer-4] DEBUG nextflow.processor.TaskProcessor - Handling unexpected condition for
  task: name=QC:MULTIQC; work-dir=/home/alejo/genexomics-perturbseq/round2/Loka_TechChallenge/work/ef/57dfd3c841c0f5d523b319e07cf2b8
  error [nextflow.exception.MissingFileException]: Missing output file(s) `multiqc_data` expected by process `QC:MULTIQC`
Jan-28 05:41:40.290 [TaskFinalizer-4] ERROR nextflow.processor.TaskProcessor - Error executing process > 'QC:MULTIQC'

Caused by:
  Missing output file(s) `multiqc_data` expected by process `QC:MULTIQC`


Command executed:

  multiqc \
      --filename multiqc_report.html \
      --force \
      --interactive \
      .

Command exit status:
  0

Command output:
  (empty)

Command error:
  
  /// MultiQC 🔍 v1.33
  
         file_search | Search path: /home/alejo/genexomics-perturbseq/round2/Loka_TechChallenge/work/ef/57dfd3c841c0f5d523b319e07cf2b8
              fastqc | Found 32 reports
       write_results | Data        : multiqc_report_data
       write_results | Report      : multiqc_report.html
             multiqc | MultiQC complete

Work dir:
  /home/alejo/genexomics-perturbseq/round2/Loka_TechChallenge/work/ef/57dfd3c841c0f5d523b319e07cf2b8

Tip: you can replicate the issue by changing to the process work dir and entering the command `bash .command.run`
Jan-28 05:41:40.301 [main] DEBUG nextflow.Session - Session await > all processes finished
Jan-28 05:41:40.305 [TaskFinalizer-4] INFO  nextflow.Session - Execution cancelled -- Finishing pending tasks before exit
Jan-28 05:41:40.331 [TaskFinalizer-4] ERROR nextflow.Nextflow - Pipeline failed with error: 
/// MultiQC 🔍 v1.33

       file_search | Search path: /home/alejo/genexomics-perturbseq/round2/Loka_TechChallenge/work/ef/57dfd3c841c0f5d523b319e07cf2b8
            fastqc | Found 32 reports
     write_results | Data        : multiqc_report_data
     write_results | Report      : multiqc_report.html
           multiqc | MultiQC complete
Jan-28 05:41:40.337 [Task monitor] DEBUG n.processor.TaskPollingMonitor - <<< barrier arrives (monitor: local) - terminating tasks monitor poll loop
Jan-28 05:41:40.337 [main] DEBUG nextflow.Session - Session await > all barriers passed
Jan-28 05:41:40.356 [main] DEBUG nextflow.util.ThreadPoolManager - Thread pool 'TaskFinalizer' shutdown completed (hard=false)
Jan-28 05:41:40.359 [main] DEBUG nextflow.util.ThreadPoolManager - Thread pool 'PublishDir' shutdown completed (hard=false)
Jan-28 05:41:40.371 [main] INFO  nextflow.Nextflow - ========================================
Pipeline completed!
Status    : FAILED
Duration  : 43m 6s
Results   : ./results-nf
========================================

Jan-28 05:41:40.404 [main] DEBUG n.trace.WorkflowStatsObserver - Workflow completed > WorkflowStats[succeededCount=3; failedCount=1; ignoredCount=0; cachedCount=0; pendingCount=0; submittedCount=0; runningCount=0; retriesCount=0; abortedCount=0; succeedDuration=8h 33m 32s; failedDuration=5.9s; cachedDuration=0ms;loadCpus=0; loadMemory=0; peakRunning=2; peakCpus=13; peakMemory=17 GB; ]
Jan-28 05:41:40.645 [main] WARN  nextflow.dag.GraphvizRenderer - Graphviz is required to render the execution DAG in the given format -- See http://www.graphviz.org for more info.
Jan-28 05:41:40.650 [main] DEBUG nextflow.trace.ReportObserver - Workflow completed -- rendering execution report
Jan-28 05:41:41.852 [main] DEBUG nextflow.trace.TimelineObserver - Workflow completed -- rendering execution timeline
Jan-28 05:41:42.015 [main] DEBUG nextflow.trace.TraceFileObserver - Workflow completed -- saving trace file
Jan-28 05:41:42.033 [main] DEBUG nextflow.cache.CacheDB - Closing CacheDB done
Jan-28 05:41:42.062 [main] DEBUG nextflow.util.ThreadPoolManager - Thread pool 'FileTransfer' shutdown completed (hard=false)
Jan-28 05:41:42.063 [main] DEBUG nextflow.script.ScriptRunner - > Execution complete -- Goodbye
