application/gzip
application/gzip
Started analysis of SC3_v3_NextGem_DI_CRISPR_A549_5K_gex_S5_L001_I2_001.fastq.gz
application/gzip
application/gzip
application/gzip
application/gzip
application/gzip
application/gzip
application/gzip
application/gzip
application/gzip
application/gzip
application/gzip
application/gzip
application/gzip
application/gzip
Approx 5% complete for SC3_v3_NextGem_DI_CRISPR_A549_5K_gex_S5_L001_I2_001.fastq.gz
Approx 10% complete for SC3_v3_NextGem_DI_CRISPR_A549_5K_gex_S5_L001_I2_001.fastq.gz
Approx 15% complete for SC3_v3_NextGem_DI_CRISPR_A549_5K_gex_S5_L001_I2_001.fastq.gz
Approx 20% complete for SC3_v3_NextGem_DI_CRISPR_A549_5K_gex_S5_L001_I2_001.fastq.gz
Started analysis of SC3_v3_NextGem_DI_CRISPR_A549_5K_gex_S5_L003_R2_001.fastq.gz
Approx 25% complete for SC3_v3_NextGem_DI_CRISPR_A549_5K_gex_S5_L001_I2_001.fastq.gz
Approx 30% complete for SC3_v3_NextGem_DI_CRISPR_A549_5K_gex_S5_L001_I2_001.fastq.gz
Approx 35% complete for SC3_v3_NextGem_DI_CRISPR_A549_5K_gex_S5_L001_I2_001.fastq.gz
Approx 40% complete for SC3_v3_NextGem_DI_CRISPR_A549_5K_gex_S5_L001_I2_001.fastq.gz
Approx 45% complete for SC3_v3_NextGem_DI_CRISPR_A549_5K_gex_S5_L001_I2_001.fastq.gz
Started analysis of SC3_v3_NextGem_DI_CRISPR_A549_5K_gex_S5_L001_I1_001.fastq.gz
Approx 5% complete for SC3_v3_NextGem_DI_CRISPR_A549_5K_gex_S5_L003_R2_001.fastq.gz
Approx 50% complete for SC3_v3_NextGem_DI_CRISPR_A549_5K_gex_S5_L001_I2_001.fastq.gz
Approx 5% complete for SC3_v3_NextGem_DI_CRISPR_A549_5K_gex_S5_L001_I1_001.fastq.gz
Approx 55% complete for SC3_v3_NextGem_DI_CRISPR_A549_5K_gex_S5_L001_I2_001.fastq.gz
Approx 10% complete for SC3_v3_NextGem_DI_CRISPR_A549_5K_gex_S5_L001_I1_001.fastq.gz
Approx 60% complete for SC3_v3_NextGem_DI_CRISPR_A549_5K_gex_S5_L001_I2_001.fastq.gz
Approx 15% complete for SC3_v3_NextGem_DI_CRISPR_A549_5K_gex_S5_L001_I1_001.fastq.gz
Approx 65% complete for SC3_v3_NextGem_DI_CRISPR_A549_5K_gex_S5_L001_I2_001.fastq.gz
Approx 20% complete for SC3_v3_NextGem_DI_CRISPR_A549_5K_gex_S5_L001_I1_001.fastq.gz
Approx 70% complete for SC3_v3_NextGem_DI_CRISPR_A549_5K_gex_S5_L001_I2_001.fastq.gz
Approx 25% complete for SC3_v3_NextGem_DI_CRISPR_A549_5K_gex_S5_L001_I1_001.fastq.gz
Approx 75% complete for SC3_v3_NextGem_DI_CRISPR_A549_5K_gex_S5_L001_I2_001.fastq.gz
Approx 30% complete for SC3_v3_NextGem_DI_CRISPR_A549_5K_gex_S5_L001_I1_001.fastq.gz
Approx 10% complete for SC3_v3_NextGem_DI_CRISPR_A549_5K_gex_S5_L003_R2_001.fastq.gz
Started analysis of SC3_v3_NextGem_DI_CRISPR_A549_5K_gex_S5_L003_I2_001.fastq.gz
Approx 80% complete for SC3_v3_NextGem_DI_CRISPR_A549_5K_gex_S5_L001_I2_001.fastq.gz
Approx 35% complete for SC3_v3_NextGem_DI_CRISPR_A549_5K_gex_S5_L001_I1_001.fastq.gz
Approx 5% complete for SC3_v3_NextGem_DI_CRISPR_A549_5K_gex_S5_L003_I2_001.fastq.gz
Approx 85% complete for SC3_v3_NextGem_DI_CRISPR_A549_5K_gex_S5_L001_I2_001.fastq.gz
Approx 40% complete for SC3_v3_NextGem_DI_CRISPR_A549_5K_gex_S5_L001_I1_001.fastq.gz
Approx 10% complete for SC3_v3_NextGem_DI_CRISPR_A549_5K_gex_S5_L003_I2_001.fastq.gz
Approx 90% complete for SC3_v3_NextGem_DI_CRISPR_A549_5K_gex_S5_L001_I2_001.fastq.gz
Approx 15% complete for SC3_v3_NextGem_DI_CRISPR_A549_5K_gex_S5_L003_I2_001.fastq.gz
Approx 45% complete for SC3_v3_NextGem_DI_CRISPR_A549_5K_gex_S5_L001_I1_001.fastq.gz
Approx 95% complete for SC3_v3_NextGem_DI_CRISPR_A549_5K_gex_S5_L001_I2_001.fastq.gz
Approx 50% complete for SC3_v3_NextGem_DI_CRISPR_A549_5K_gex_S5_L001_I1_001.fastq.gz
Approx 20% complete for SC3_v3_NextGem_DI_CRISPR_A549_5K_gex_S5_L003_I2_001.fastq.gz
Analysis complete for SC3_v3_NextGem_DI_CRISPR_A549_5K_gex_S5_L001_I2_001.fastq.gz
Approx 55% complete for SC3_v3_NextGem_DI_CRISPR_A549_5K_gex_S5_L001_I1_001.fastq.gz
Approx 25% complete for SC3_v3_NextGem_DI_CRISPR_A549_5K_gex_S5_L003_I2_001.fastq.gz
Approx 15% complete for SC3_v3_NextGem_DI_CRISPR_A549_5K_gex_S5_L003_R2_001.fastq.gz
Approx 60% complete for SC3_v3_NextGem_DI_CRISPR_A549_5K_gex_S5_L001_I1_001.fastq.gz
Approx 30% complete for SC3_v3_NextGem_DI_CRISPR_A549_5K_gex_S5_L003_I2_001.fastq.gz
Approx 65% complete for SC3_v3_NextGem_DI_CRISPR_A549_5K_gex_S5_L001_I1_001.fastq.gz
Approx 35% complete for SC3_v3_NextGem_DI_CRISPR_A549_5K_gex_S5_L003_I2_001.fastq.gz
Approx 40% complete for SC3_v3_NextGem_DI_CRISPR_A549_5K_gex_S5_L003_I2_001.fastq.gz
Approx 70% complete for SC3_v3_NextGem_DI_CRISPR_A549_5K_gex_S5_L001_I1_001.fastq.gz
Approx 45% complete for SC3_v3_NextGem_DI_CRISPR_A549_5K_gex_S5_L003_I2_001.fastq.gz
Approx 20% complete for SC3_v3_NextGem_DI_CRISPR_A549_5K_gex_S5_L003_R2_001.fastq.gz
Approx 75% complete for SC3_v3_NextGem_DI_CRISPR_A549_5K_gex_S5_L001_I1_001.fastq.gz
Approx 50% complete for SC3_v3_NextGem_DI_CRISPR_A549_5K_gex_S5_L003_I2_001.fastq.gz
Approx 80% complete for SC3_v3_NextGem_DI_CRISPR_A549_5K_gex_S5_L001_I1_001.fastq.gz
Approx 55% complete for SC3_v3_NextGem_DI_CRISPR_A549_5K_gex_S5_L003_I2_001.fastq.gz
Approx 85% complete for SC3_v3_NextGem_DI_CRISPR_A549_5K_gex_S5_L001_I1_001.fastq.gz
Approx 60% complete for SC3_v3_NextGem_DI_CRISPR_A549_5K_gex_S5_L003_I2_001.fastq.gz
Approx 90% complete for SC3_v3_NextGem_DI_CRISPR_A549_5K_gex_S5_L001_I1_001.fastq.gz
Approx 25% complete for SC3_v3_NextGem_DI_CRISPR_A549_5K_gex_S5_L003_R2_001.fastq.gz
Approx 65% complete for SC3_v3_NextGem_DI_CRISPR_A549_5K_gex_S5_L003_I2_001.fastq.gz
Approx 95% complete for SC3_v3_NextGem_DI_CRISPR_A549_5K_gex_S5_L001_I1_001.fastq.gz
Approx 70% complete for SC3_v3_NextGem_DI_CRISPR_A549_5K_gex_S5_L003_I2_001.fastq.gz
Analysis complete for SC3_v3_NextGem_DI_CRISPR_A549_5K_gex_S5_L001_I1_001.fastq.gz
Approx 75% complete for SC3_v3_NextGem_DI_CRISPR_A549_5K_gex_S5_L003_I2_001.fastq.gz
Approx 80% complete for SC3_v3_NextGem_DI_CRISPR_A549_5K_gex_S5_L003_I2_001.fastq.gz
Approx 30% complete for SC3_v3_NextGem_DI_CRISPR_A549_5K_gex_S5_L003_R2_001.fastq.gz
Approx 85% complete for SC3_v3_NextGem_DI_CRISPR_A549_5K_gex_S5_L003_I2_001.fastq.gz
Approx 90% complete for SC3_v3_NextGem_DI_CRISPR_A549_5K_gex_S5_L003_I2_001.fastq.gz
Approx 95% complete for SC3_v3_NextGem_DI_CRISPR_A549_5K_gex_S5_L003_I2_001.fastq.gz
Analysis complete for SC3_v3_NextGem_DI_CRISPR_A549_5K_gex_S5_L003_I2_001.fastq.gz
Approx 35% complete for SC3_v3_NextGem_DI_CRISPR_A549_5K_gex_S5_L003_R2_001.fastq.gz
Started analysis of SC3_v3_NextGem_DI_CRISPR_A549_5K_gex_S5_L004_I1_001.fastq.gz
Approx 5% complete for SC3_v3_NextGem_DI_CRISPR_A549_5K_gex_S5_L004_I1_001.fastq.gz
Approx 10% complete for SC3_v3_NextGem_DI_CRISPR_A549_5K_gex_S5_L004_I1_001.fastq.gz
Approx 15% complete for SC3_v3_NextGem_DI_CRISPR_A549_5K_gex_S5_L004_I1_001.fastq.gz
Approx 20% complete for SC3_v3_NextGem_DI_CRISPR_A549_5K_gex_S5_L004_I1_001.fastq.gz
Approx 25% complete for SC3_v3_NextGem_DI_CRISPR_A549_5K_gex_S5_L004_I1_001.fastq.gz
Approx 30% complete for SC3_v3_NextGem_DI_CRISPR_A549_5K_gex_S5_L004_I1_001.fastq.gz
Approx 40% complete for SC3_v3_NextGem_DI_CRISPR_A549_5K_gex_S5_L003_R2_001.fastq.gz
Approx 35% complete for SC3_v3_NextGem_DI_CRISPR_A549_5K_gex_S5_L004_I1_001.fastq.gz
Started analysis of SC3_v3_NextGem_DI_CRISPR_A549_5K_gex_S5_L002_R1_001.fastq.gz
Approx 40% complete for SC3_v3_NextGem_DI_CRISPR_A549_5K_gex_S5_L004_I1_001.fastq.gz
Approx 45% complete for SC3_v3_NextGem_DI_CRISPR_A549_5K_gex_S5_L004_I1_001.fastq.gz
Approx 5% complete for SC3_v3_NextGem_DI_CRISPR_A549_5K_gex_S5_L002_R1_001.fastq.gz
Approx 50% complete for SC3_v3_NextGem_DI_CRISPR_A549_5K_gex_S5_L004_I1_001.fastq.gz
Approx 55% complete for SC3_v3_NextGem_DI_CRISPR_A549_5K_gex_S5_L004_I1_001.fastq.gz
Approx 60% complete for SC3_v3_NextGem_DI_CRISPR_A549_5K_gex_S5_L004_I1_001.fastq.gz
Approx 10% complete for SC3_v3_NextGem_DI_CRISPR_A549_5K_gex_S5_L002_R1_001.fastq.gz
Approx 65% complete for SC3_v3_NextGem_DI_CRISPR_A549_5K_gex_S5_L004_I1_001.fastq.gz
Approx 45% complete for SC3_v3_NextGem_DI_CRISPR_A549_5K_gex_S5_L003_R2_001.fastq.gz
Approx 70% complete for SC3_v3_NextGem_DI_CRISPR_A549_5K_gex_S5_L004_I1_001.fastq.gz
Approx 75% complete for SC3_v3_NextGem_DI_CRISPR_A549_5K_gex_S5_L004_I1_001.fastq.gz
Started analysis of SC3_v3_NextGem_DI_CRISPR_A549_5K_gex_S5_L002_I1_001.fastq.gz
Approx 15% complete for SC3_v3_NextGem_DI_CRISPR_A549_5K_gex_S5_L002_R1_001.fastq.gz
Approx 80% complete for SC3_v3_NextGem_DI_CRISPR_A549_5K_gex_S5_L004_I1_001.fastq.gz
Approx 5% complete for SC3_v3_NextGem_DI_CRISPR_A549_5K_gex_S5_L002_I1_001.fastq.gz
Approx 85% complete for SC3_v3_NextGem_DI_CRISPR_A549_5K_gex_S5_L004_I1_001.fastq.gz
Approx 10% complete for SC3_v3_NextGem_DI_CRISPR_A549_5K_gex_S5_L002_I1_001.fastq.gz
Approx 90% complete for SC3_v3_NextGem_DI_CRISPR_A549_5K_gex_S5_L004_I1_001.fastq.gz
Approx 20% complete for SC3_v3_NextGem_DI_CRISPR_A549_5K_gex_S5_L002_R1_001.fastq.gz
Approx 15% complete for SC3_v3_NextGem_DI_CRISPR_A549_5K_gex_S5_L002_I1_001.fastq.gz
Approx 95% complete for SC3_v3_NextGem_DI_CRISPR_A549_5K_gex_S5_L004_I1_001.fastq.gz
Approx 20% complete for SC3_v3_NextGem_DI_CRISPR_A549_5K_gex_S5_L002_I1_001.fastq.gz
Analysis complete for SC3_v3_NextGem_DI_CRISPR_A549_5K_gex_S5_L004_I1_001.fastq.gz
Approx 50% complete for SC3_v3_NextGem_DI_CRISPR_A549_5K_gex_S5_L003_R2_001.fastq.gz
Approx 25% complete for SC3_v3_NextGem_DI_CRISPR_A549_5K_gex_S5_L002_I1_001.fastq.gz
Approx 25% complete for SC3_v3_NextGem_DI_CRISPR_A549_5K_gex_S5_L002_R1_001.fastq.gz
Approx 30% complete for SC3_v3_NextGem_DI_CRISPR_A549_5K_gex_S5_L002_I1_001.fastq.gz
Approx 35% complete for SC3_v3_NextGem_DI_CRISPR_A549_5K_gex_S5_L002_I1_001.fastq.gz
Approx 30% complete for SC3_v3_NextGem_DI_CRISPR_A549_5K_gex_S5_L002_R1_001.fastq.gz
Approx 40% complete for SC3_v3_NextGem_DI_CRISPR_A549_5K_gex_S5_L002_I1_001.fastq.gz
Approx 45% complete for SC3_v3_NextGem_DI_CRISPR_A549_5K_gex_S5_L002_I1_001.fastq.gz
Approx 50% complete for SC3_v3_NextGem_DI_CRISPR_A549_5K_gex_S5_L002_I1_001.fastq.gz
Approx 35% complete for SC3_v3_NextGem_DI_CRISPR_A549_5K_gex_S5_L002_R1_001.fastq.gz
Approx 55% complete for SC3_v3_NextGem_DI_CRISPR_A549_5K_gex_S5_L002_I1_001.fastq.gz
Approx 55% complete for SC3_v3_NextGem_DI_CRISPR_A549_5K_gex_S5_L003_R2_001.fastq.gz
Approx 60% complete for SC3_v3_NextGem_DI_CRISPR_A549_5K_gex_S5_L002_I1_001.fastq.gz
Approx 40% complete for SC3_v3_NextGem_DI_CRISPR_A549_5K_gex_S5_L002_R1_001.fastq.gz
Approx 65% complete for SC3_v3_NextGem_DI_CRISPR_A549_5K_gex_S5_L002_I1_001.fastq.gz
Approx 70% complete for SC3_v3_NextGem_DI_CRISPR_A549_5K_gex_S5_L002_I1_001.fastq.gz
Started analysis of SC3_v3_NextGem_DI_CRISPR_A549_5K_gex_S5_L001_R2_001.fastq.gz
Approx 75% complete for SC3_v3_NextGem_DI_CRISPR_A549_5K_gex_S5_L002_I1_001.fastq.gz
Approx 45% complete for SC3_v3_NextGem_DI_CRISPR_A549_5K_gex_S5_L002_R1_001.fastq.gz
Approx 80% complete for SC3_v3_NextGem_DI_CRISPR_A549_5K_gex_S5_L002_I1_001.fastq.gz
Approx 85% complete for SC3_v3_NextGem_DI_CRISPR_A549_5K_gex_S5_L002_I1_001.fastq.gz
Approx 90% complete for SC3_v3_NextGem_DI_CRISPR_A549_5K_gex_S5_L002_I1_001.fastq.gz
Approx 50% complete for SC3_v3_NextGem_DI_CRISPR_A549_5K_gex_S5_L002_R1_001.fastq.gz
Approx 60% complete for SC3_v3_NextGem_DI_CRISPR_A549_5K_gex_S5_L003_R2_001.fastq.gz
Approx 95% complete for SC3_v3_NextGem_DI_CRISPR_A549_5K_gex_S5_L002_I1_001.fastq.gz
Approx 100% complete for SC3_v3_NextGem_DI_CRISPR_A549_5K_gex_S5_L002_I1_001.fastq.gz
Analysis complete for SC3_v3_NextGem_DI_CRISPR_A549_5K_gex_S5_L002_I1_001.fastq.gz
Approx 55% complete for SC3_v3_NextGem_DI_CRISPR_A549_5K_gex_S5_L002_R1_001.fastq.gz
Approx 5% complete for SC3_v3_NextGem_DI_CRISPR_A549_5K_gex_S5_L001_R2_001.fastq.gz
Approx 60% complete for SC3_v3_NextGem_DI_CRISPR_A549_5K_gex_S5_L002_R1_001.fastq.gz
Approx 65% complete for SC3_v3_NextGem_DI_CRISPR_A549_5K_gex_S5_L002_R1_001.fastq.gz
Approx 65% complete for SC3_v3_NextGem_DI_CRISPR_A549_5K_gex_S5_L003_R2_001.fastq.gz
Approx 10% complete for SC3_v3_NextGem_DI_CRISPR_A549_5K_gex_S5_L001_R2_001.fastq.gz
Approx 70% complete for SC3_v3_NextGem_DI_CRISPR_A549_5K_gex_S5_L002_R1_001.fastq.gz
Started analysis of SC3_v3_NextGem_DI_CRISPR_A549_5K_gex_S5_L002_R2_001.fastq.gz
Approx 75% complete for SC3_v3_NextGem_DI_CRISPR_A549_5K_gex_S5_L002_R1_001.fastq.gz
Approx 70% complete for SC3_v3_NextGem_DI_CRISPR_A549_5K_gex_S5_L003_R2_001.fastq.gz
Approx 15% complete for SC3_v3_NextGem_DI_CRISPR_A549_5K_gex_S5_L001_R2_001.fastq.gz
Approx 80% complete for SC3_v3_NextGem_DI_CRISPR_A549_5K_gex_S5_L002_R1_001.fastq.gz
Approx 5% complete for SC3_v3_NextGem_DI_CRISPR_A549_5K_gex_S5_L002_R2_001.fastq.gz
Approx 85% complete for SC3_v3_NextGem_DI_CRISPR_A549_5K_gex_S5_L002_R1_001.fastq.gz
Approx 20% complete for SC3_v3_NextGem_DI_CRISPR_A549_5K_gex_S5_L001_R2_001.fastq.gz
Approx 90% complete for SC3_v3_NextGem_DI_CRISPR_A549_5K_gex_S5_L002_R1_001.fastq.gz
Approx 75% complete for SC3_v3_NextGem_DI_CRISPR_A549_5K_gex_S5_L003_R2_001.fastq.gz
Approx 95% complete for SC3_v3_NextGem_DI_CRISPR_A549_5K_gex_S5_L002_R1_001.fastq.gz
Approx 10% complete for SC3_v3_NextGem_DI_CRISPR_A549_5K_gex_S5_L002_R2_001.fastq.gz
Approx 100% complete for SC3_v3_NextGem_DI_CRISPR_A549_5K_gex_S5_L002_R1_001.fastq.gz
Analysis complete for SC3_v3_NextGem_DI_CRISPR_A549_5K_gex_S5_L002_R1_001.fastq.gz
Approx 25% complete for SC3_v3_NextGem_DI_CRISPR_A549_5K_gex_S5_L001_R2_001.fastq.gz
Approx 80% complete for SC3_v3_NextGem_DI_CRISPR_A549_5K_gex_S5_L003_R2_001.fastq.gz
Approx 15% complete for SC3_v3_NextGem_DI_CRISPR_A549_5K_gex_S5_L002_R2_001.fastq.gz
Approx 30% complete for SC3_v3_NextGem_DI_CRISPR_A549_5K_gex_S5_L001_R2_001.fastq.gz
Approx 85% complete for SC3_v3_NextGem_DI_CRISPR_A549_5K_gex_S5_L003_R2_001.fastq.gz
Approx 20% complete for SC3_v3_NextGem_DI_CRISPR_A549_5K_gex_S5_L002_R2_001.fastq.gz
Started analysis of SC3_v3_NextGem_DI_CRISPR_A549_5K_gex_S5_L004_R1_001.fastq.gz
Approx 35% complete for SC3_v3_NextGem_DI_CRISPR_A549_5K_gex_S5_L001_R2_001.fastq.gz
Approx 5% complete for SC3_v3_NextGem_DI_CRISPR_A549_5K_gex_S5_L004_R1_001.fastq.gz
Approx 25% complete for SC3_v3_NextGem_DI_CRISPR_A549_5K_gex_S5_L002_R2_001.fastq.gz
Approx 90% complete for SC3_v3_NextGem_DI_CRISPR_A549_5K_gex_S5_L003_R2_001.fastq.gz
Approx 10% complete for SC3_v3_NextGem_DI_CRISPR_A549_5K_gex_S5_L004_R1_001.fastq.gz
Approx 40% complete for SC3_v3_NextGem_DI_CRISPR_A549_5K_gex_S5_L001_R2_001.fastq.gz
Approx 15% complete for SC3_v3_NextGem_DI_CRISPR_A549_5K_gex_S5_L004_R1_001.fastq.gz
Approx 30% complete for SC3_v3_NextGem_DI_CRISPR_A549_5K_gex_S5_L002_R2_001.fastq.gz
Approx 20% complete for SC3_v3_NextGem_DI_CRISPR_A549_5K_gex_S5_L004_R1_001.fastq.gz
Approx 95% complete for SC3_v3_NextGem_DI_CRISPR_A549_5K_gex_S5_L003_R2_001.fastq.gz
Approx 45% complete for SC3_v3_NextGem_DI_CRISPR_A549_5K_gex_S5_L001_R2_001.fastq.gz
Approx 25% complete for SC3_v3_NextGem_DI_CRISPR_A549_5K_gex_S5_L004_R1_001.fastq.gz
Approx 30% complete for SC3_v3_NextGem_DI_CRISPR_A549_5K_gex_S5_L004_R1_001.fastq.gz
Approx 35% complete for SC3_v3_NextGem_DI_CRISPR_A549_5K_gex_S5_L002_R2_001.fastq.gz
Approx 50% complete for SC3_v3_NextGem_DI_CRISPR_A549_5K_gex_S5_L001_R2_001.fastq.gz
Approx 35% complete for SC3_v3_NextGem_DI_CRISPR_A549_5K_gex_S5_L004_R1_001.fastq.gz
Analysis complete for SC3_v3_NextGem_DI_CRISPR_A549_5K_gex_S5_L003_R2_001.fastq.gz
Approx 40% complete for SC3_v3_NextGem_DI_CRISPR_A549_5K_gex_S5_L004_R1_001.fastq.gz
Approx 40% complete for SC3_v3_NextGem_DI_CRISPR_A549_5K_gex_S5_L002_R2_001.fastq.gz
Approx 45% complete for SC3_v3_NextGem_DI_CRISPR_A549_5K_gex_S5_L004_R1_001.fastq.gz
Approx 55% complete for SC3_v3_NextGem_DI_CRISPR_A549_5K_gex_S5_L001_R2_001.fastq.gz
Approx 50% complete for SC3_v3_NextGem_DI_CRISPR_A549_5K_gex_S5_L004_R1_001.fastq.gz
Approx 45% complete for SC3_v3_NextGem_DI_CRISPR_A549_5K_gex_S5_L002_R2_001.fastq.gz
Approx 55% complete for SC3_v3_NextGem_DI_CRISPR_A549_5K_gex_S5_L004_R1_001.fastq.gz
Approx 60% complete for SC3_v3_NextGem_DI_CRISPR_A549_5K_gex_S5_L001_R2_001.fastq.gz
Approx 60% complete for SC3_v3_NextGem_DI_CRISPR_A549_5K_gex_S5_L004_R1_001.fastq.gz
Approx 65% complete for SC3_v3_NextGem_DI_CRISPR_A549_5K_gex_S5_L004_R1_001.fastq.gz
Approx 50% complete for SC3_v3_NextGem_DI_CRISPR_A549_5K_gex_S5_L002_R2_001.fastq.gz
Approx 70% complete for SC3_v3_NextGem_DI_CRISPR_A549_5K_gex_S5_L004_R1_001.fastq.gz
Approx 65% complete for SC3_v3_NextGem_DI_CRISPR_A549_5K_gex_S5_L001_R2_001.fastq.gz
Approx 75% complete for SC3_v3_NextGem_DI_CRISPR_A549_5K_gex_S5_L004_R1_001.fastq.gz
Approx 55% complete for SC3_v3_NextGem_DI_CRISPR_A549_5K_gex_S5_L002_R2_001.fastq.gz
Started analysis of SC3_v3_NextGem_DI_CRISPR_A549_5K_gex_S5_L003_R1_001.fastq.gz
Approx 80% complete for SC3_v3_NextGem_DI_CRISPR_A549_5K_gex_S5_L004_R1_001.fastq.gz
Approx 70% complete for SC3_v3_NextGem_DI_CRISPR_A549_5K_gex_S5_L001_R2_001.fastq.gz
Approx 5% complete for SC3_v3_NextGem_DI_CRISPR_A549_5K_gex_S5_L003_R1_001.fastq.gz
Approx 85% complete for SC3_v3_NextGem_DI_CRISPR_A549_5K_gex_S5_L004_R1_001.fastq.gz
Approx 60% complete for SC3_v3_NextGem_DI_CRISPR_A549_5K_gex_S5_L002_R2_001.fastq.gz
Approx 10% complete for SC3_v3_NextGem_DI_CRISPR_A549_5K_gex_S5_L003_R1_001.fastq.gz
Approx 90% complete for SC3_v3_NextGem_DI_CRISPR_A549_5K_gex_S5_L004_R1_001.fastq.gz
Approx 75% complete for SC3_v3_NextGem_DI_CRISPR_A549_5K_gex_S5_L001_R2_001.fastq.gz
Approx 95% complete for SC3_v3_NextGem_DI_CRISPR_A549_5K_gex_S5_L004_R1_001.fastq.gz
Approx 15% complete for SC3_v3_NextGem_DI_CRISPR_A549_5K_gex_S5_L003_R1_001.fastq.gz
Analysis complete for SC3_v3_NextGem_DI_CRISPR_A549_5K_gex_S5_L004_R1_001.fastq.gz
Approx 20% complete for SC3_v3_NextGem_DI_CRISPR_A549_5K_gex_S5_L003_R1_001.fastq.gz
Approx 65% complete for SC3_v3_NextGem_DI_CRISPR_A549_5K_gex_S5_L002_R2_001.fastq.gz
Approx 25% complete for SC3_v3_NextGem_DI_CRISPR_A549_5K_gex_S5_L003_R1_001.fastq.gz
Approx 80% complete for SC3_v3_NextGem_DI_CRISPR_A549_5K_gex_S5_L001_R2_001.fastq.gz
Approx 30% complete for SC3_v3_NextGem_DI_CRISPR_A549_5K_gex_S5_L003_R1_001.fastq.gz
Approx 70% complete for SC3_v3_NextGem_DI_CRISPR_A549_5K_gex_S5_L002_R2_001.fastq.gz
Approx 35% complete for SC3_v3_NextGem_DI_CRISPR_A549_5K_gex_S5_L003_R1_001.fastq.gz
Approx 85% complete for SC3_v3_NextGem_DI_CRISPR_A549_5K_gex_S5_L001_R2_001.fastq.gz
Approx 40% complete for SC3_v3_NextGem_DI_CRISPR_A549_5K_gex_S5_L003_R1_001.fastq.gz
Approx 75% complete for SC3_v3_NextGem_DI_CRISPR_A549_5K_gex_S5_L002_R2_001.fastq.gz
Approx 45% complete for SC3_v3_NextGem_DI_CRISPR_A549_5K_gex_S5_L003_R1_001.fastq.gz
Started analysis of SC3_v3_NextGem_DI_CRISPR_A549_5K_gex_S5_L002_I2_001.fastq.gz
Approx 90% complete for SC3_v3_NextGem_DI_CRISPR_A549_5K_gex_S5_L001_R2_001.fastq.gz
Approx 5% complete for SC3_v3_NextGem_DI_CRISPR_A549_5K_gex_S5_L002_I2_001.fastq.gz
Approx 50% complete for SC3_v3_NextGem_DI_CRISPR_A549_5K_gex_S5_L003_R1_001.fastq.gz
Approx 10% complete for SC3_v3_NextGem_DI_CRISPR_A549_5K_gex_S5_L002_I2_001.fastq.gz
Approx 15% complete for SC3_v3_NextGem_DI_CRISPR_A549_5K_gex_S5_L002_I2_001.fastq.gz
Approx 20% complete for SC3_v3_NextGem_DI_CRISPR_A549_5K_gex_S5_L002_I2_001.fastq.gz
Approx 55% complete for SC3_v3_NextGem_DI_CRISPR_A549_5K_gex_S5_L003_R1_001.fastq.gz
Approx 80% complete for SC3_v3_NextGem_DI_CRISPR_A549_5K_gex_S5_L002_R2_001.fastq.gz
Approx 25% complete for SC3_v3_NextGem_DI_CRISPR_A549_5K_gex_S5_L002_I2_001.fastq.gz
Approx 30% complete for SC3_v3_NextGem_DI_CRISPR_A549_5K_gex_S5_L002_I2_001.fastq.gz
Approx 95% complete for SC3_v3_NextGem_DI_CRISPR_A549_5K_gex_S5_L001_R2_001.fastq.gz
Approx 60% complete for SC3_v3_NextGem_DI_CRISPR_A549_5K_gex_S5_L003_R1_001.fastq.gz
Approx 35% complete for SC3_v3_NextGem_DI_CRISPR_A549_5K_gex_S5_L002_I2_001.fastq.gz
Approx 40% complete for SC3_v3_NextGem_DI_CRISPR_A549_5K_gex_S5_L002_I2_001.fastq.gz
Approx 45% complete for SC3_v3_NextGem_DI_CRISPR_A549_5K_gex_S5_L002_I2_001.fastq.gz
Approx 65% complete for SC3_v3_NextGem_DI_CRISPR_A549_5K_gex_S5_L003_R1_001.fastq.gz
Approx 50% complete for SC3_v3_NextGem_DI_CRISPR_A549_5K_gex_S5_L002_I2_001.fastq.gz
Approx 55% complete for SC3_v3_NextGem_DI_CRISPR_A549_5K_gex_S5_L002_I2_001.fastq.gz
Approx 85% complete for SC3_v3_NextGem_DI_CRISPR_A549_5K_gex_S5_L002_R2_001.fastq.gz
Approx 60% complete for SC3_v3_NextGem_DI_CRISPR_A549_5K_gex_S5_L002_I2_001.fastq.gz
Approx 70% complete for SC3_v3_NextGem_DI_CRISPR_A549_5K_gex_S5_L003_R1_001.fastq.gz
Approx 65% complete for SC3_v3_NextGem_DI_CRISPR_A549_5K_gex_S5_L002_I2_001.fastq.gz
Analysis complete for SC3_v3_NextGem_DI_CRISPR_A549_5K_gex_S5_L001_R2_001.fastq.gz
Approx 70% complete for SC3_v3_NextGem_DI_CRISPR_A549_5K_gex_S5_L002_I2_001.fastq.gz
Approx 75% complete for SC3_v3_NextGem_DI_CRISPR_A549_5K_gex_S5_L002_I2_001.fastq.gz
Approx 75% complete for SC3_v3_NextGem_DI_CRISPR_A549_5K_gex_S5_L003_R1_001.fastq.gz
Approx 80% complete for SC3_v3_NextGem_DI_CRISPR_A549_5K_gex_S5_L002_I2_001.fastq.gz
Approx 85% complete for SC3_v3_NextGem_DI_CRISPR_A549_5K_gex_S5_L002_I2_001.fastq.gz
Approx 90% complete for SC3_v3_NextGem_DI_CRISPR_A549_5K_gex_S5_L002_R2_001.fastq.gz
Approx 90% complete for SC3_v3_NextGem_DI_CRISPR_A549_5K_gex_S5_L002_I2_001.fastq.gz
Approx 80% complete for SC3_v3_NextGem_DI_CRISPR_A549_5K_gex_S5_L003_R1_001.fastq.gz
Approx 95% complete for SC3_v3_NextGem_DI_CRISPR_A549_5K_gex_S5_L002_I2_001.fastq.gz
Approx 100% complete for SC3_v3_NextGem_DI_CRISPR_A549_5K_gex_S5_L002_I2_001.fastq.gz
Analysis complete for SC3_v3_NextGem_DI_CRISPR_A549_5K_gex_S5_L002_I2_001.fastq.gz
Approx 85% complete for SC3_v3_NextGem_DI_CRISPR_A549_5K_gex_S5_L003_R1_001.fastq.gz
Approx 95% complete for SC3_v3_NextGem_DI_CRISPR_A549_5K_gex_S5_L002_R2_001.fastq.gz
Approx 90% complete for SC3_v3_NextGem_DI_CRISPR_A549_5K_gex_S5_L003_R1_001.fastq.gz
Approx 95% complete for SC3_v3_NextGem_DI_CRISPR_A549_5K_gex_S5_L003_R1_001.fastq.gz
Analysis complete for SC3_v3_NextGem_DI_CRISPR_A549_5K_gex_S5_L003_R1_001.fastq.gz
Analysis complete for SC3_v3_NextGem_DI_CRISPR_A549_5K_gex_S5_L002_R2_001.fastq.gz
Started analysis of SC3_v3_NextGem_DI_CRISPR_A549_5K_gex_S5_L004_R2_001.fastq.gz
Approx 5% complete for SC3_v3_NextGem_DI_CRISPR_A549_5K_gex_S5_L004_R2_001.fastq.gz
Started analysis of SC3_v3_NextGem_DI_CRISPR_A549_5K_gex_S5_L004_I2_001.fastq.gz
Approx 5% complete for SC3_v3_NextGem_DI_CRISPR_A549_5K_gex_S5_L004_I2_001.fastq.gz
Approx 10% complete for SC3_v3_NextGem_DI_CRISPR_A549_5K_gex_S5_L004_I2_001.fastq.gz
Approx 15% complete for SC3_v3_NextGem_DI_CRISPR_A549_5K_gex_S5_L004_I2_001.fastq.gz
Approx 20% complete for SC3_v3_NextGem_DI_CRISPR_A549_5K_gex_S5_L004_I2_001.fastq.gz
Approx 10% complete for SC3_v3_NextGem_DI_CRISPR_A549_5K_gex_S5_L004_R2_001.fastq.gz
Approx 25% complete for SC3_v3_NextGem_DI_CRISPR_A549_5K_gex_S5_L004_I2_001.fastq.gz
Approx 30% complete for SC3_v3_NextGem_DI_CRISPR_A549_5K_gex_S5_L004_I2_001.fastq.gz
Approx 35% complete for SC3_v3_NextGem_DI_CRISPR_A549_5K_gex_S5_L004_I2_001.fastq.gz
Approx 40% complete for SC3_v3_NextGem_DI_CRISPR_A549_5K_gex_S5_L004_I2_001.fastq.gz
Approx 45% complete for SC3_v3_NextGem_DI_CRISPR_A549_5K_gex_S5_L004_I2_001.fastq.gz
Approx 50% complete for SC3_v3_NextGem_DI_CRISPR_A549_5K_gex_S5_L004_I2_001.fastq.gz
Approx 15% complete for SC3_v3_NextGem_DI_CRISPR_A549_5K_gex_S5_L004_R2_001.fastq.gz
Approx 55% complete for SC3_v3_NextGem_DI_CRISPR_A549_5K_gex_S5_L004_I2_001.fastq.gz
Started analysis of SC3_v3_NextGem_DI_CRISPR_A549_5K_gex_S5_L001_R1_001.fastq.gz
Approx 60% complete for SC3_v3_NextGem_DI_CRISPR_A549_5K_gex_S5_L004_I2_001.fastq.gz
Approx 65% complete for SC3_v3_NextGem_DI_CRISPR_A549_5K_gex_S5_L004_I2_001.fastq.gz
Approx 5% complete for SC3_v3_NextGem_DI_CRISPR_A549_5K_gex_S5_L001_R1_001.fastq.gz
Approx 70% complete for SC3_v3_NextGem_DI_CRISPR_A549_5K_gex_S5_L004_I2_001.fastq.gz
Approx 75% complete for SC3_v3_NextGem_DI_CRISPR_A549_5K_gex_S5_L004_I2_001.fastq.gz
Approx 80% complete for SC3_v3_NextGem_DI_CRISPR_A549_5K_gex_S5_L004_I2_001.fastq.gz
Approx 10% complete for SC3_v3_NextGem_DI_CRISPR_A549_5K_gex_S5_L001_R1_001.fastq.gz
Approx 20% complete for SC3_v3_NextGem_DI_CRISPR_A549_5K_gex_S5_L004_R2_001.fastq.gz
Approx 85% complete for SC3_v3_NextGem_DI_CRISPR_A549_5K_gex_S5_L004_I2_001.fastq.gz
Approx 90% complete for SC3_v3_NextGem_DI_CRISPR_A549_5K_gex_S5_L004_I2_001.fastq.gz
Started analysis of SC3_v3_NextGem_DI_CRISPR_A549_5K_gex_S5_L003_I1_001.fastq.gz
Approx 95% complete for SC3_v3_NextGem_DI_CRISPR_A549_5K_gex_S5_L004_I2_001.fastq.gz
Approx 15% complete for SC3_v3_NextGem_DI_CRISPR_A549_5K_gex_S5_L001_R1_001.fastq.gz
Approx 5% complete for SC3_v3_NextGem_DI_CRISPR_A549_5K_gex_S5_L003_I1_001.fastq.gz
Approx 100% complete for SC3_v3_NextGem_DI_CRISPR_A549_5K_gex_S5_L004_I2_001.fastq.gz
Analysis complete for SC3_v3_NextGem_DI_CRISPR_A549_5K_gex_S5_L004_I2_001.fastq.gz
Approx 10% complete for SC3_v3_NextGem_DI_CRISPR_A549_5K_gex_S5_L003_I1_001.fastq.gz
Approx 20% complete for SC3_v3_NextGem_DI_CRISPR_A549_5K_gex_S5_L001_R1_001.fastq.gz
Approx 15% complete for SC3_v3_NextGem_DI_CRISPR_A549_5K_gex_S5_L003_I1_001.fastq.gz
Approx 25% complete for SC3_v3_NextGem_DI_CRISPR_A549_5K_gex_S5_L004_R2_001.fastq.gz
Approx 20% complete for SC3_v3_NextGem_DI_CRISPR_A549_5K_gex_S5_L003_I1_001.fastq.gz
Approx 25% complete for SC3_v3_NextGem_DI_CRISPR_A549_5K_gex_S5_L003_I1_001.fastq.gz
Approx 25% complete for SC3_v3_NextGem_DI_CRISPR_A549_5K_gex_S5_L001_R1_001.fastq.gz
Approx 30% complete for SC3_v3_NextGem_DI_CRISPR_A549_5K_gex_S5_L003_I1_001.fastq.gz
Approx 35% complete for SC3_v3_NextGem_DI_CRISPR_A549_5K_gex_S5_L003_I1_001.fastq.gz
Approx 40% complete for SC3_v3_NextGem_DI_CRISPR_A549_5K_gex_S5_L003_I1_001.fastq.gz
Approx 30% complete for SC3_v3_NextGem_DI_CRISPR_A549_5K_gex_S5_L001_R1_001.fastq.gz
Approx 45% complete for SC3_v3_NextGem_DI_CRISPR_A549_5K_gex_S5_L003_I1_001.fastq.gz
Approx 30% complete for SC3_v3_NextGem_DI_CRISPR_A549_5K_gex_S5_L004_R2_001.fastq.gz
Approx 50% complete for SC3_v3_NextGem_DI_CRISPR_A549_5K_gex_S5_L003_I1_001.fastq.gz
Approx 35% complete for SC3_v3_NextGem_DI_CRISPR_A549_5K_gex_S5_L001_R1_001.fastq.gz
Approx 55% complete for SC3_v3_NextGem_DI_CRISPR_A549_5K_gex_S5_L003_I1_001.fastq.gz
Approx 60% complete for SC3_v3_NextGem_DI_CRISPR_A549_5K_gex_S5_L003_I1_001.fastq.gz
Approx 65% complete for SC3_v3_NextGem_DI_CRISPR_A549_5K_gex_S5_L003_I1_001.fastq.gz
Approx 40% complete for SC3_v3_NextGem_DI_CRISPR_A549_5K_gex_S5_L001_R1_001.fastq.gz
Approx 70% complete for SC3_v3_NextGem_DI_CRISPR_A549_5K_gex_S5_L003_I1_001.fastq.gz
Approx 75% complete for SC3_v3_NextGem_DI_CRISPR_A549_5K_gex_S5_L003_I1_001.fastq.gz
Approx 45% complete for SC3_v3_NextGem_DI_CRISPR_A549_5K_gex_S5_L001_R1_001.fastq.gz
Approx 35% complete for SC3_v3_NextGem_DI_CRISPR_A549_5K_gex_S5_L004_R2_001.fastq.gz
Approx 80% complete for SC3_v3_NextGem_DI_CRISPR_A549_5K_gex_S5_L003_I1_001.fastq.gz
Approx 85% complete for SC3_v3_NextGem_DI_CRISPR_A549_5K_gex_S5_L003_I1_001.fastq.gz
Approx 90% complete for SC3_v3_NextGem_DI_CRISPR_A549_5K_gex_S5_L003_I1_001.fastq.gz
Approx 50% complete for SC3_v3_NextGem_DI_CRISPR_A549_5K_gex_S5_L001_R1_001.fastq.gz
Approx 95% complete for SC3_v3_NextGem_DI_CRISPR_A549_5K_gex_S5_L003_I1_001.fastq.gz
Analysis complete for SC3_v3_NextGem_DI_CRISPR_A549_5K_gex_S5_L003_I1_001.fastq.gz
Approx 55% complete for SC3_v3_NextGem_DI_CRISPR_A549_5K_gex_S5_L001_R1_001.fastq.gz
Approx 40% complete for SC3_v3_NextGem_DI_CRISPR_A549_5K_gex_S5_L004_R2_001.fastq.gz
Approx 60% complete for SC3_v3_NextGem_DI_CRISPR_A549_5K_gex_S5_L001_R1_001.fastq.gz
Approx 65% complete for SC3_v3_NextGem_DI_CRISPR_A549_5K_gex_S5_L001_R1_001.fastq.gz
Approx 45% complete for SC3_v3_NextGem_DI_CRISPR_A549_5K_gex_S5_L004_R2_001.fastq.gz
Approx 70% complete for SC3_v3_NextGem_DI_CRISPR_A549_5K_gex_S5_L001_R1_001.fastq.gz
Approx 75% complete for SC3_v3_NextGem_DI_CRISPR_A549_5K_gex_S5_L001_R1_001.fastq.gz
Approx 50% complete for SC3_v3_NextGem_DI_CRISPR_A549_5K_gex_S5_L004_R2_001.fastq.gz
Approx 80% complete for SC3_v3_NextGem_DI_CRISPR_A549_5K_gex_S5_L001_R1_001.fastq.gz
Approx 85% complete for SC3_v3_NextGem_DI_CRISPR_A549_5K_gex_S5_L001_R1_001.fastq.gz
Approx 90% complete for SC3_v3_NextGem_DI_CRISPR_A549_5K_gex_S5_L001_R1_001.fastq.gz
Approx 55% complete for SC3_v3_NextGem_DI_CRISPR_A549_5K_gex_S5_L004_R2_001.fastq.gz
Approx 95% complete for SC3_v3_NextGem_DI_CRISPR_A549_5K_gex_S5_L001_R1_001.fastq.gz
Analysis complete for SC3_v3_NextGem_DI_CRISPR_A549_5K_gex_S5_L001_R1_001.fastq.gz
Approx 60% complete for SC3_v3_NextGem_DI_CRISPR_A549_5K_gex_S5_L004_R2_001.fastq.gz
Approx 65% complete for SC3_v3_NextGem_DI_CRISPR_A549_5K_gex_S5_L004_R2_001.fastq.gz
Approx 70% complete for SC3_v3_NextGem_DI_CRISPR_A549_5K_gex_S5_L004_R2_001.fastq.gz
Approx 75% complete for SC3_v3_NextGem_DI_CRISPR_A549_5K_gex_S5_L004_R2_001.fastq.gz
Approx 80% complete for SC3_v3_NextGem_DI_CRISPR_A549_5K_gex_S5_L004_R2_001.fastq.gz
Approx 85% complete for SC3_v3_NextGem_DI_CRISPR_A549_5K_gex_S5_L004_R2_001.fastq.gz
Approx 90% complete for SC3_v3_NextGem_DI_CRISPR_A549_5K_gex_S5_L004_R2_001.fastq.gz
Approx 95% complete for SC3_v3_NextGem_DI_CRISPR_A549_5K_gex_S5_L004_R2_001.fastq.gz
Analysis complete for SC3_v3_NextGem_DI_CRISPR_A549_5K_gex_S5_L004_R2_001.fastq.gz
